
# OSU MPI Allreduce Latency Test v5.8
# Size       Avg Latency(us)
== CALIPER: (0): Available services: adiak_export,adiak_import,aggregate,alloc,allocstats,async_event,cpuinfo,debug,event,io,kokkoslookup,kokkostime,loop_monitor,loop_statistics,memstat,mpi,mpiflush,mpireport,pthread,recorder,region_monitor,report,statistics,sysalloc,timer,timeseries,timestamp,trace,validator
== CALIPER: (0): Initialized
== CALIPER: (0): No manual config specified, disabling default channel
4                     362.49
8                     357.41
16                    356.54
32                    356.28
64                    357.11
128                   358.25
256                   361.39
512                   365.33
1024                  364.22
2048                  301.60
4096                  322.31
8192                  359.09
16384                 638.64
32768                 664.83
65536                 701.91
131072                761.93
262144                849.23
524288               1041.21
1048576              1511.01
== CALIPER: (0): Finalizing ... 
== CALIPER: (0): Releasing Caliper global data.
  Max active channels: 0
== CALIPER: (0): Process blackboard: max 1 entries (0.0979432% occupancy).
== CALIPER: (0): Releasing Caliper thread data: 
  Metadata tree: 1 blocks, 70 nodes
   Metadata memory pool: 1 MiB reserved, 18.1797 KiB used
  Thread blackboard: max 2 entries (0.195886% occupancy).
== CALIPER: (0): Finished
START OF JOBSPEC
{"resources": [{"type": "node", "count": 16, "with": [{"type": "slot", "count": 48, "with": [{"type": "core", "count": 1}], "label": "task"}]}], "tasks": [{"command": ["osu_allreduce"], "slot": "task", "count": {"per_slot": 1}}], "attributes": {"system": {"duration": 0, "cwd": "/root", "shell": {"options": {"rlimit": {"cpu": -1, "fsize": -1, "data": -1, "stack": 8388608, "core": 0, "nofile": 1024, "as": -1, "rss": -1, "nproc": 1450579}, "cpu-affinity": "per-task"}}}, "user": {"study_id": "kripke-16-iter-2"}}, "version": 1}
START OF EVENTLOG
{"timestamp":1759870709.7351711,"name":"init"}
{"timestamp":1759870709.73564,"name":"starting"}
{"timestamp":1759870709.7470107,"name":"shell.init","context":{"service":"0-shell-fD4cu9kyd","leader-rank":0,"size":16}}
{"timestamp":1759870709.8284252,"name":"shell.start","context":{"taskmap":{"version":1,"map":[[0,16,48,1]]}}}
{"timestamp":1759870725.7077966,"name":"shell.task-exit","context":{"localid":39,"rank":87,"state":"Exited","pid":3904,"wait_status":0,"signaled":0,"exitcode":0}}
{"timestamp":1759870725.7483258,"name":"complete","context":{"status":0}}
{"timestamp":1759870725.7483468,"name":"done"}

