
# OSU MPI Allreduce Latency Test v5.8
# Size       Avg Latency(us)
== CALIPER: (0): Available services: adiak_export,adiak_import,aggregate,alloc,allocstats,async_event,cpuinfo,debug,event,io,kokkoslookup,kokkostime,loop_monitor,loop_statistics,memstat,mpi,mpiflush,mpireport,pthread,recorder,region_monitor,report,statistics,sysalloc,timer,timeseries,timestamp,trace,validator
== CALIPER: (0): Initialized
== CALIPER: (0): No manual config specified, disabling default channel
4                     363.18
8                     360.75
16                    359.21
32                    364.84
64                    360.24
128                   362.01
256                   367.24
512                   369.99
1024                  374.66
2048                  303.41
4096                  328.87
8192                  357.77
16384                 654.65
32768                 677.40
65536                 711.34
131072                760.73
262144                854.34
524288               1053.97
1048576              1532.91
== CALIPER: (0): Finalizing ... 
== CALIPER: (0): Releasing Caliper global data.
  Max active channels: 0
== CALIPER: (0): Process blackboard: max 1 entries (0.0979432% occupancy).
== CALIPER: (0): Releasing Caliper thread data: 
  Metadata tree: 1 blocks, 70 nodes
   Metadata memory pool: 1 MiB reserved, 18.1797 KiB used
  Thread blackboard: max 2 entries (0.195886% occupancy).
== CALIPER: (0): Finished
START OF JOBSPEC
{"resources": [{"type": "node", "count": 16, "with": [{"type": "slot", "count": 48, "with": [{"type": "core", "count": 1}], "label": "task"}]}], "tasks": [{"command": ["osu_allreduce"], "slot": "task", "count": {"per_slot": 1}}], "attributes": {"system": {"duration": 0, "cwd": "/root", "shell": {"options": {"rlimit": {"cpu": -1, "fsize": -1, "data": -1, "stack": 8388608, "core": 0, "nofile": 1024, "as": -1, "rss": -1, "nproc": 1450579}, "cpu-affinity": "per-task"}}}, "user": {"study_id": "kripke-16-iter-4"}}, "version": 1}
START OF EVENTLOG
{"timestamp":1759870742.0505617,"name":"init"}
{"timestamp":1759870742.0510671,"name":"starting"}
{"timestamp":1759870742.0623269,"name":"shell.init","context":{"service":"0-shell-fDJrubcaj","leader-rank":0,"size":16}}
{"timestamp":1759870742.1445501,"name":"shell.start","context":{"taskmap":{"version":1,"map":[[0,16,48,1]]}}}
{"timestamp":1759870758.3117414,"name":"shell.task-exit","context":{"localid":18,"rank":306,"state":"Exited","pid":4073,"wait_status":0,"signaled":0,"exitcode":0}}
{"timestamp":1759870758.3513689,"name":"complete","context":{"status":0}}
{"timestamp":1759870758.3513856,"name":"done"}

