
# OSU MPI Allreduce Latency Test v5.8
# Size       Avg Latency(us)
== CALIPER: (0): Available services: adiak_export,adiak_import,aggregate,alloc,allocstats,async_event,cpuinfo,debug,event,io,kokkoslookup,kokkostime,loop_monitor,loop_statistics,memstat,mpi,mpiflush,mpireport,pthread,recorder,region_monitor,report,statistics,sysalloc,timer,timeseries,timestamp,trace,validator
== CALIPER: (0): Initialized
== CALIPER: (0): No manual config specified, disabling default channel
4                     376.24
8                     376.61
16                    374.94
32                    375.94
64                    378.42
128                   383.87
256                   381.80
512                   383.47
1024                  385.06
2048                  302.65
4096                  324.19
8192                  364.12
16384                 660.32
32768                 679.38
65536                 713.97
131072                759.68
262144                857.02
524288               1058.17
1048576              1545.13
== CALIPER: (0): Finalizing ... 
== CALIPER: (0): Releasing Caliper global data.
  Max active channels: 0
== CALIPER: (0): Process blackboard: max 1 entries (0.0979432% occupancy).
== CALIPER: (0): Releasing Caliper thread data: 
  Metadata tree: 1 blocks, 70 nodes
   Metadata memory pool: 1 MiB reserved, 18.1797 KiB used
  Thread blackboard: max 2 entries (0.195886% occupancy).
== CALIPER: (0): Finished
START OF JOBSPEC
{"resources": [{"type": "node", "count": 16, "with": [{"type": "slot", "count": 48, "with": [{"type": "core", "count": 1}], "label": "task"}]}], "tasks": [{"command": ["osu_allreduce"], "slot": "task", "count": {"per_slot": 1}}], "attributes": {"system": {"duration": 0, "cwd": "/root", "shell": {"options": {"rlimit": {"cpu": -1, "fsize": -1, "data": -1, "stack": 8388608, "core": 0, "nofile": 1024, "as": -1, "rss": -1, "nproc": 1450579}, "cpu-affinity": "per-task"}}}, "user": {"study_id": "kripke-16-iter-5"}}, "version": 1}
START OF EVENTLOG
{"timestamp":1759870758.5398507,"name":"init"}
{"timestamp":1759870758.5403693,"name":"starting"}
{"timestamp":1759870758.5516853,"name":"shell.init","context":{"service":"0-shell-fDS8QmRaw","leader-rank":0,"size":16}}
{"timestamp":1759870758.6345193,"name":"shell.start","context":{"taskmap":{"version":1,"map":[[0,16,48,1]]}}}
{"timestamp":1759870774.7890866,"name":"shell.task-exit","context":{"localid":45,"rank":45,"state":"Exited","pid":4853,"wait_status":0,"signaled":0,"exitcode":0}}
{"timestamp":1759870774.8283269,"name":"complete","context":{"status":0}}
{"timestamp":1759870774.8283479,"name":"done"}

