# OSU MPI Latency Test v5.8
# Size          Latency (us)
0                      24.73
1                      24.47
2                      24.28
4                      24.09
8                      24.19
16                     24.26
32                     24.19
64                     24.17
128                    23.91
256                    25.55
512                    25.61
1024                   25.78
2048                   42.42
4096                   43.41
8192                   44.94
16384                  48.00
32768                  54.30
65536                 123.37
131072                157.32
262144                203.67
524288                294.48
1048576               454.69
2097152               787.90
4194304              1421.15
START OF JOBSPEC
{"resources": [{"type": "node", "count": 2, "with": [{"type": "slot", "count": 1, "with": [{"type": "core", "count": 1}], "label": "task"}]}], "tasks": [{"command": ["/opt/osu-benchmark/build.openmpi/mpi/pt2pt/osu_latency"], "slot": "task", "count": {"per_slot": 1}}], "attributes": {"system": {"duration": 0, "cwd": "/opt", "shell": {"options": {"rlimit": {"cpu": -1, "fsize": -1, "data": -1, "stack": 8388608, "core": -1, "nofile": 1048576, "as": -1, "rss": -1, "nproc": -1}, "cpu-affinity": "per-task"}}, "constraints": {"hostlist": ["flux-sample-0,flux-sample-1"]}}, "user": {"study_id": "osu-2-iter-0"}}, "version": 1}
START OF EVENTLOG
{"timestamp":1782008850.2261841,"name":"init"}
{"timestamp":1782008850.2339265,"name":"shell.init","context":{"service":"0-shell-f5ET96ZD1","leader-rank":0,"size":2}}
{"timestamp":1782008850.2351372,"name":"shell.start","context":{"taskmap":{"version":1,"map":[[0,2,1,1]]}}}
{"timestamp":1782008850.2266145,"name":"starting"}
{"timestamp":1782008867.2766054,"name":"shell.task-exit","context":{"localid":0,"rank":0,"state":"Exited","pid":2199,"wait_status":0,"signaled":0,"exitcode":0}}
{"timestamp":1782008867.2788823,"name":"complete","context":{"status":0}}
{"timestamp":1782008867.2789092,"name":"done"}

