# OSU MPI Bandwidth Test v5.8
# Size      Bandwidth (MB/s)
1                       0.21
2                       0.42
4                       0.85
8                       1.68
16                      3.37
32                      6.80
64                     13.55
128                    27.17
256                    52.70
512                   106.28
1024                  209.96
2048                  415.48
4096                  807.39
8192                 1405.22
16384                1967.60
32768                2367.64
65536                2470.60
131072               2848.38
262144               3164.43
524288               3303.18
1048576              3394.74
2097152              3304.15
4194304              3323.07
START OF JOBSPEC
{"resources": [{"type": "node", "count": 2, "with": [{"type": "slot", "count": 1, "with": [{"type": "core", "count": 1}], "label": "task"}]}], "tasks": [{"command": ["/opt/osu-benchmark/build.openmpi/mpi/pt2pt/osu_bw"], "slot": "task", "count": {"per_slot": 1}}], "attributes": {"system": {"duration": 0, "cwd": "/opt", "shell": {"options": {"rlimit": {"cpu": -1, "fsize": -1, "data": -1, "stack": 8388608, "core": -1, "nofile": 1048576, "as": -1, "rss": -1, "nproc": -1}, "cpu-affinity": "per-task"}}, "constraints": {"hostlist": ["flux-sample-1,flux-sample-0"]}}, "user": {"study_id": "osu-2-iter-0"}}, "version": 1}
START OF EVENTLOG
{"timestamp":1782008738.0842245,"name":"init"}
{"timestamp":1782008738.0929184,"name":"shell.init","context":{"service":"0-shell-f4P2e3BV1","leader-rank":0,"size":2}}
{"timestamp":1782008738.0940702,"name":"shell.start","context":{"taskmap":{"version":1,"map":[[0,2,1,1]]}}}
{"timestamp":1782008738.0847745,"name":"starting"}
{"timestamp":1782008743.4201174,"name":"shell.task-exit","context":{"localid":0,"rank":0,"state":"Exited","pid":2109,"wait_status":0,"signaled":0,"exitcode":0}}
{"timestamp":1782008743.4224596,"name":"complete","context":{"status":0}}
{"timestamp":1782008743.4224784,"name":"done"}

