# OSU MPI Latency Test v5.8
# Size          Latency (us)
0                      24.48
1                      24.15
2                      23.86
4                      24.03
8                      23.98
16                     23.80
32                     23.79
64                     23.79
128                    23.80
256                    25.45
512                    25.50
1024                   25.75
2048                   41.02
4096                   41.07
8192                   45.42
16384                  48.20
32768                  54.33
65536                 123.99
131072                157.17
262144                205.22
524288                293.70
1048576               452.96
2097152               777.73
4194304              1405.85
START OF JOBSPEC
{"resources": [{"type": "node", "count": 2, "with": [{"type": "slot", "count": 1, "with": [{"type": "core", "count": 1}], "label": "task"}]}], "tasks": [{"command": ["/opt/osu-benchmark/build.openmpi/mpi/pt2pt/osu_latency"], "slot": "task", "count": {"per_slot": 1}}], "attributes": {"system": {"duration": 0, "cwd": "/opt", "shell": {"options": {"rlimit": {"cpu": -1, "fsize": -1, "data": -1, "stack": 8388608, "core": -1, "nofile": 1048576, "as": -1, "rss": -1, "nproc": -1}, "cpu-affinity": "per-task"}}, "constraints": {"hostlist": ["flux-sample-0,flux-sample-1"]}}, "user": {"study_id": "osu-2-iter-0"}}, "version": 1}
START OF EVENTLOG
{"timestamp":1782008697.3696365,"name":"init"}
{"timestamp":1782008697.3783104,"name":"shell.init","context":{"service":"0-shell-f455yBKG3","leader-rank":0,"size":2}}
{"timestamp":1782008697.3698676,"name":"starting"}
{"timestamp":1782008697.3802645,"name":"shell.start","context":{"taskmap":{"version":1,"map":[[0,2,1,1]]}}}
{"timestamp":1782008714.2502611,"name":"shell.task-exit","context":{"localid":0,"rank":0,"state":"Exited","pid":2084,"wait_status":0,"signaled":0,"exitcode":0}}
{"timestamp":1782008714.2529676,"name":"complete","context":{"status":0}}
{"timestamp":1782008714.2529902,"name":"done"}

