# OSU MPI Bandwidth Test v5.8
# Size      Bandwidth (MB/s)
1                       0.21
2                       0.43
4                       0.85
8                       1.72
16                      3.40
32                      6.78
64                     13.55
128                    27.13
256                    53.56
512                   105.59
1024                  212.52
2048                  414.33
4096                  781.98
8192                 1429.68
16384                2019.28
32768                2403.41
65536                2470.01
131072               2893.91
262144               3076.35
524288               3253.54
1048576              3258.17
2097152              3219.52
4194304              3223.30
START OF JOBSPEC
{"resources": [{"type": "node", "count": 2, "with": [{"type": "slot", "count": 1, "with": [{"type": "core", "count": 1}], "label": "task"}]}], "tasks": [{"command": ["/opt/osu-benchmark/build.openmpi/mpi/pt2pt/osu_bw"], "slot": "task", "count": {"per_slot": 1}}], "attributes": {"system": {"duration": 0, "cwd": "/opt", "shell": {"options": {"rlimit": {"cpu": -1, "fsize": -1, "data": -1, "stack": 8388608, "core": -1, "nofile": 1048576, "as": -1, "rss": -1, "nproc": -1}, "cpu-affinity": "per-task"}}, "constraints": {"hostlist": ["flux-sample-1,flux-sample-0"]}}, "user": {"study_id": "osu-2-iter-0"}}, "version": 1}
START OF EVENTLOG
{"timestamp":1782008821.2526388,"name":"init"}
{"timestamp":1782008821.2610366,"name":"shell.init","context":{"service":"0-shell-f51gWMLqd","leader-rank":0,"size":2}}
{"timestamp":1782008821.2621477,"name":"shell.start","context":{"taskmap":{"version":1,"map":[[0,2,1,1]]}}}
{"timestamp":1782008821.253202,"name":"starting"}
{"timestamp":1782008826.6865973,"name":"shell.task-exit","context":{"localid":0,"rank":0,"state":"Exited","pid":2167,"wait_status":0,"signaled":0,"exitcode":0}}
{"timestamp":1782008826.6881459,"name":"complete","context":{"status":0}}
{"timestamp":1782008826.6881664,"name":"done"}

