# OSU MPI Latency Test v5.8
# Size          Latency (us)
0                      24.00
1                      24.23
2                      24.14
4                      23.99
8                      24.01
16                     24.19
32                     24.53
64                     24.56
128                    24.60
256                    26.23
512                    26.00
1024                   26.20
2048                   41.37
4096                   42.18
8192                   45.08
16384                  48.23
32768                  54.48
65536                 123.51
131072                157.42
262144                206.05
524288                294.67
1048576               454.57
2097152               781.62
4194304              1406.90
START OF JOBSPEC
{"resources": [{"type": "node", "count": 2, "with": [{"type": "slot", "count": 1, "with": [{"type": "core", "count": 1}], "label": "task"}]}], "tasks": [{"command": ["/opt/osu-benchmark/build.openmpi/mpi/pt2pt/osu_latency"], "slot": "task", "count": {"per_slot": 1}}], "attributes": {"system": {"duration": 0, "cwd": "/opt", "shell": {"options": {"rlimit": {"cpu": -1, "fsize": -1, "data": -1, "stack": 8388608, "core": -1, "nofile": 1048576, "as": -1, "rss": -1, "nproc": -1}, "cpu-affinity": "per-task"}}, "constraints": {"hostlist": ["flux-sample-1,flux-sample-0"]}}, "user": {"study_id": "osu-2-iter-0"}}, "version": 1}
START OF EVENTLOG
{"timestamp":1782008804.1080098,"name":"init"}
{"timestamp":1782008804.1084373,"name":"starting"}
{"timestamp":1782008804.1186314,"name":"shell.init","context":{"service":"0-shell-f4t8HbdXu","leader-rank":0,"size":2}}
{"timestamp":1782008804.1197999,"name":"shell.start","context":{"taskmap":{"version":1,"map":[[0,2,1,1]]}}}
{"timestamp":1782008821.1105223,"name":"shell.task-exit","context":{"localid":0,"rank":0,"state":"Exited","pid":2161,"wait_status":0,"signaled":0,"exitcode":0}}
{"timestamp":1782008821.112885,"name":"complete","context":{"status":0}}
{"timestamp":1782008821.1129131,"name":"done"}

