# OSU MPI Latency Test v5.8
# Size          Latency (us)
0                      24.17
1                      23.79
2                      23.79
4                      23.79
8                      23.79
16                     23.79
32                     23.79
64                     23.80
128                    23.95
256                    25.41
512                    25.53
1024                   25.86
2048                   42.48
4096                   41.84
8192                   45.07
16384                  47.98
32768                  54.43
65536                 122.47
131072                157.22
262144                203.22
524288                292.85
1048576               452.41
2097152               783.74
4194304              1414.41
START OF JOBSPEC
{"resources": [{"type": "node", "count": 2, "with": [{"type": "slot", "count": 1, "with": [{"type": "core", "count": 1}], "label": "task"}]}], "tasks": [{"command": ["/opt/osu-benchmark/build.openmpi/mpi/pt2pt/osu_latency"], "slot": "task", "count": {"per_slot": 1}}], "attributes": {"system": {"duration": 0, "cwd": "/opt", "shell": {"options": {"rlimit": {"cpu": -1, "fsize": -1, "data": -1, "stack": 8388608, "core": -1, "nofile": 1048576, "as": -1, "rss": -1, "nproc": -1}, "cpu-affinity": "per-task"}}, "constraints": {"hostlist": ["flux-sample-1,flux-sample-0"]}}, "user": {"study_id": "osu-2-iter-0"}}, "version": 1}
START OF EVENTLOG
{"timestamp":1782008757.9817944,"name":"init"}
{"timestamp":1782008757.9891737,"name":"shell.init","context":{"service":"0-shell-f4XoFintP","leader-rank":0,"size":2}}
{"timestamp":1782008757.990694,"name":"shell.start","context":{"taskmap":{"version":1,"map":[[0,2,1,1]]}}}
{"timestamp":1782008757.9822578,"name":"starting"}
{"timestamp":1782008774.8956888,"name":"shell.task-exit","context":{"localid":0,"rank":0,"state":"Exited","pid":2123,"wait_status":0,"signaled":0,"exitcode":0}}
{"timestamp":1782008774.8979628,"name":"complete","context":{"status":0}}
{"timestamp":1782008774.8979847,"name":"done"}

