# OSU MPI Bandwidth Test v5.8
# Size      Bandwidth (MB/s)
1                       0.22
2                       0.43
4                       0.89
8                       1.77
16                      3.53
32                      7.09
64                     14.10
128                    28.25
256                    55.82
512                   110.32
1024                  219.91
2048                  428.71
4096                  842.20
8192                 1436.43
16384                2061.15
32768                2439.49
65536                2529.83
131072               2883.85
262144               3078.43
524288               3255.71
1048576              3305.83
2097152              3361.98
4194304              3256.86
START OF JOBSPEC
{"resources": [{"type": "node", "count": 2, "with": [{"type": "slot", "count": 1, "with": [{"type": "core", "count": 1}], "label": "task"}]}], "tasks": [{"command": ["/opt/osu-benchmark/build.openmpi/mpi/pt2pt/osu_bw"], "slot": "task", "count": {"per_slot": 1}}], "attributes": {"system": {"duration": 0, "cwd": "/opt", "shell": {"options": {"rlimit": {"cpu": -1, "fsize": -1, "data": -1, "stack": 8388608, "core": -1, "nofile": 1048576, "as": -1, "rss": -1, "nproc": -1}, "cpu-affinity": "per-task"}}, "constraints": {"hostlist": ["flux-sample-1,flux-sample-0"]}}, "user": {"study_id": "osu-2-iter-0"}}, "version": 1}
START OF EVENTLOG
{"timestamp":1782008466.9383376,"name":"init"}
{"timestamp":1782008466.9472523,"name":"shell.init","context":{"service":"0-shell-f2KXqrgYP","leader-rank":0,"size":2}}
{"timestamp":1782008466.9487956,"name":"shell.start","context":{"taskmap":{"version":1,"map":[[0,2,1,1]]}}}
{"timestamp":1782008466.938776,"name":"starting"}
{"timestamp":1782008472.2885704,"name":"shell.task-exit","context":{"localid":0,"rank":0,"state":"Exited","pid":128,"wait_status":0,"signaled":0,"exitcode":0}}
{"timestamp":1782008472.2900627,"name":"complete","context":{"status":0}}
{"timestamp":1782008472.2900803,"name":"done"}

