# OSU MPI Latency Test v5.8
# Size          Latency (us)
0                      25.64
1                      25.56
2                      25.54
4                      25.53
8                      25.64
16                     25.69
32                     25.73
64                     25.72
128                    25.71
256                    27.44
512                    27.39
1024                   27.68
2048                   44.74
4096                   43.24
8192                   46.98
16384                  49.91
32768                  56.28
65536                 128.42
131072                162.88
262144                210.98
524288                299.96
1048576               460.40
2097152               787.24
4194304              1406.81
START OF JOBSPEC
{"resources": [{"type": "node", "count": 2, "with": [{"type": "slot", "count": 1, "with": [{"type": "core", "count": 1}], "label": "task"}]}], "tasks": [{"command": ["/opt/osu-benchmark/build.openmpi/mpi/pt2pt/osu_latency"], "slot": "task", "count": {"per_slot": 1}}], "attributes": {"system": {"duration": 0, "cwd": "/opt", "shell": {"options": {"rlimit": {"cpu": -1, "fsize": -1, "data": -1, "stack": 8388608, "core": -1, "nofile": 1048576, "as": -1, "rss": -1, "nproc": -1}, "cpu-affinity": "per-task"}}, "constraints": {"hostlist": ["flux-sample-0,flux-sample-1"]}}, "user": {"study_id": "osu-2-iter-0"}}, "version": 1}
START OF EVENTLOG
{"timestamp":1782008826.9309349,"name":"init"}
{"timestamp":1782008826.9376719,"name":"shell.init","context":{"service":"0-shell-f54Bfj2Du","leader-rank":0,"size":2}}
{"timestamp":1782008826.9386873,"name":"shell.start","context":{"taskmap":{"version":1,"map":[[0,2,1,1]]}}}
{"timestamp":1782008826.9313776,"name":"starting"}
{"timestamp":1782008844.463583,"name":"shell.task-exit","context":{"localid":0,"rank":0,"state":"Exited","pid":2180,"wait_status":0,"signaled":0,"exitcode":0}}
{"timestamp":1782008844.4654858,"name":"complete","context":{"status":0}}
{"timestamp":1782008844.4655092,"name":"done"}

