# OSU MPI Latency Test v5.8
# Size          Latency (us)
0                      24.40
1                      24.37
2                      24.47
4                      24.51
8                      24.55
16                     24.60
32                     24.56
64                     24.59
128                    24.68
256                    26.23
512                    26.11
1024                   26.57
2048                   43.09
4096                   43.83
8192                   45.41
16384                  48.21
32768                  54.74
65536                 124.10
131072                158.16
262144                206.24
524288                294.93
1048576               455.40
2097152               784.48
4194304              1399.07
START OF JOBSPEC
{"resources": [{"type": "node", "count": 2, "with": [{"type": "slot", "count": 1, "with": [{"type": "core", "count": 1}], "label": "task"}]}], "tasks": [{"command": ["/opt/osu-benchmark/build.openmpi/mpi/pt2pt/osu_latency"], "slot": "task", "count": {"per_slot": 1}}], "attributes": {"system": {"duration": 0, "cwd": "/opt", "shell": {"options": {"rlimit": {"cpu": -1, "fsize": -1, "data": -1, "stack": 8388608, "core": -1, "nofile": 1048576, "as": -1, "rss": -1, "nproc": -1}, "cpu-affinity": "per-task"}}, "constraints": {"hostlist": ["flux-sample-1,flux-sample-0"]}}, "user": {"study_id": "osu-2-iter-0"}}, "version": 1}
START OF EVENTLOG
{"timestamp":1782008720.8124394,"name":"init"}
{"timestamp":1782008720.8206353,"name":"shell.init","context":{"service":"0-shell-f4FRB13PV","leader-rank":0,"size":2}}
{"timestamp":1782008720.8219743,"name":"shell.start","context":{"taskmap":{"version":1,"map":[[0,2,1,1]]}}}
{"timestamp":1782008720.8128746,"name":"starting"}
{"timestamp":1782008737.941602,"name":"shell.task-exit","context":{"localid":0,"rank":0,"state":"Exited","pid":2103,"wait_status":0,"signaled":0,"exitcode":0}}
{"timestamp":1782008737.9438896,"name":"complete","context":{"status":0}}
{"timestamp":1782008737.943917,"name":"done"}

