# OSU MPI Latency Test v5.8
# Size          Latency (us)
== CALIPER: (0): Available services: adiak_export,adiak_import,aggregate,alloc,allocstats,async_event,cpuinfo,debug,event,io,kokkoslookup,kokkostime,loop_monitor,loop_statistics,memstat,mpi,mpiflush,mpireport,pthread,recorder,region_monitor,report,statistics,sysalloc,timer,timeseries,timestamp,trace,validator
== CALIPER: (0): Initialized
== CALIPER: (0): No manual config specified, disabling default channel
0                      16.67
1                      16.66
2                      17.91
4                      18.05
8                      17.96
16                     18.01
32                     18.24
64                     19.67
128                    20.05
256                    20.76
512                    20.97
1024                   21.20
2048                   22.49
4096                   23.30
8192                   25.94
16384                  30.43
32768                  33.90
65536                  87.53
131072                 96.41
262144                121.52
524288                150.13
1048576               213.83
2097152               339.44
4194304               599.97
== CALIPER: (0): Finalizing ... 
== CALIPER: (0): Releasing Caliper global data.
  Max active channels: 0
== CALIPER: (0): Process blackboard: max 1 entries (0.0979432% occupancy).
== CALIPER: (0): Releasing Caliper thread data: 
  Metadata tree: 1 blocks, 55 nodes
   Metadata memory pool: 1 MiB reserved, 18.168 KiB used
  Thread blackboard: max 2 entries (0.195886% occupancy).
== CALIPER: (0): Finished
START OF JOBSPEC
{"resources": [{"type": "node", "count": 2, "with": [{"type": "slot", "count": 1, "with": [{"type": "core", "count": 1}], "label": "task"}]}], "tasks": [{"command": ["osu_latency"], "slot": "task", "count": {"per_slot": 1}}], "attributes": {"system": {"duration": 0, "cwd": "/root", "shell": {"options": {"rlimit": {"cpu": -1, "fsize": -1, "data": -1, "stack": 8388608, "core": 0, "nofile": 1024, "as": -1, "rss": -1, "nproc": 1450579}, "cpu-affinity": "per-task"}}, "constraints": {"hostlist": ["flux-8,flux-10"]}}, "user": {"study_id": "osu-latency-16-iter-0"}}, "version": 1}
START OF EVENTLOG
{"timestamp":1759870444.4960878,"name":"init"}
{"timestamp":1759870444.4965811,"name":"starting"}
{"timestamp":1759870444.5072739,"name":"shell.init","context":{"service":"0-shell-fB3j7r6xF","leader-rank":8,"size":2}}
{"timestamp":1759870444.5092239,"name":"shell.start","context":{"taskmap":{"version":1,"map":[[0,2,1,1]]}}}
{"timestamp":1759870454.4137371,"name":"shell.task-exit","context":{"localid":0,"rank":0,"state":"Exited","pid":4416,"wait_status":0,"signaled":0,"exitcode":0}}
{"timestamp":1759870454.4160888,"name":"complete","context":{"status":0}}
{"timestamp":1759870454.4161084,"name":"done"}

