# OSU MPI Latency Test v5.8
# Size          Latency (us)
== CALIPER: (0): Available services: adiak_export,adiak_import,aggregate,alloc,allocstats,async_event,cpuinfo,debug,event,io,kokkoslookup,kokkostime,loop_monitor,loop_statistics,memstat,mpi,mpiflush,mpireport,pthread,recorder,region_monitor,report,statistics,sysalloc,timer,timeseries,timestamp,trace,validator
== CALIPER: (0): Initialized
== CALIPER: (0): No manual config specified, disabling default channel
0                      53.05
1                      53.07
2                      53.10
4                      53.15
8                      53.08
16                     53.09
32                     53.26
64                     53.26
128                    53.36
256                    54.32
512                    54.73
1024                   55.05
2048                   56.04
4096                   59.06
8192                   64.43
16384                  70.81
32768                  75.35
65536                 202.32
131072                212.45
262144                238.27
524288                263.47
1048576               333.12
2097152               469.07
4194304               731.75
== CALIPER: (0): Finalizing ... 
== CALIPER: (0): Releasing Caliper global data.
  Max active channels: 0
== CALIPER: (0): Process blackboard: max 1 entries (0.0979432% occupancy).
== CALIPER: (0): Releasing Caliper thread data: 
  Metadata tree: 1 blocks, 55 nodes
   Metadata memory pool: 1 MiB reserved, 18.168 KiB used
  Thread blackboard: max 2 entries (0.195886% occupancy).
== CALIPER: (0): Finished
START OF JOBSPEC
{"resources": [{"type": "node", "count": 2, "with": [{"type": "slot", "count": 1, "with": [{"type": "core", "count": 1}], "label": "task"}]}], "tasks": [{"command": ["osu_latency"], "slot": "task", "count": {"per_slot": 1}}], "attributes": {"system": {"duration": 0, "cwd": "/root", "shell": {"options": {"rlimit": {"cpu": -1, "fsize": -1, "data": -1, "stack": 8388608, "core": 0, "nofile": 1024, "as": -1, "rss": -1, "nproc": 1450579}, "cpu-affinity": "per-task"}}, "constraints": {"hostlist": ["flux-4,flux-12"]}}, "user": {"study_id": "osu-latency-16-iter-0"}}, "version": 1}
START OF EVENTLOG
{"timestamp":1759870421.9346235,"name":"init"}
{"timestamp":1759870421.9443765,"name":"shell.init","context":{"service":"0-shell-fAsnS9U6b","leader-rank":4,"size":2}}
{"timestamp":1759870421.9350867,"name":"starting"}
{"timestamp":1759870421.9460378,"name":"shell.start","context":{"taskmap":{"version":1,"map":[[0,2,1,1]]}}}
{"timestamp":1759870444.3298175,"name":"shell.task-exit","context":{"localid":0,"rank":0,"state":"Exited","pid":3870,"wait_status":0,"signaled":0,"exitcode":0}}
{"timestamp":1759870444.3324354,"name":"complete","context":{"status":0}}
{"timestamp":1759870444.3324525,"name":"done"}

