# OSU MPI Latency Test v5.8
# Size          Latency (us)
== CALIPER: (0): Available services: adiak_export,adiak_import,aggregate,alloc,allocstats,async_event,cpuinfo,debug,event,io,kokkoslookup,kokkostime,loop_monitor,loop_statistics,memstat,mpi,mpiflush,mpireport,pthread,recorder,region_monitor,report,statistics,sysalloc,timer,timeseries,timestamp,trace,validator
== CALIPER: (0): Initialized
== CALIPER: (0): No manual config specified, disabling default channel
0                      16.54
1                      16.47
2                      16.45
4                      17.87
8                      18.37
16                     18.35
32                     18.65
64                     20.20
128                    20.35
256                    21.30
512                    21.53
1024                   21.78
2048                   22.16
4096                   23.99
8192                   26.27
16384                  36.48
32768                  39.03
65536                 102.01
131072                113.21
262144                139.67
524288                157.93
1048576               224.62
2097152               364.60
4194304               619.17
== CALIPER: (0): Finalizing ... 
== CALIPER: (0): Releasing Caliper global data.
  Max active channels: 0
== CALIPER: (0): Process blackboard: max 1 entries (0.0979432% occupancy).
== CALIPER: (0): Releasing Caliper thread data: 
  Metadata tree: 1 blocks, 55 nodes
   Metadata memory pool: 1 MiB reserved, 18.168 KiB used
  Thread blackboard: max 2 entries (0.195886% occupancy).
== CALIPER: (0): Finished
START OF JOBSPEC
{"resources": [{"type": "node", "count": 2, "with": [{"type": "slot", "count": 1, "with": [{"type": "core", "count": 1}], "label": "task"}]}], "tasks": [{"command": ["osu_latency"], "slot": "task", "count": {"per_slot": 1}}], "attributes": {"system": {"duration": 0, "cwd": "/root", "shell": {"options": {"rlimit": {"cpu": -1, "fsize": -1, "data": -1, "stack": 8388608, "core": 0, "nofile": 1024, "as": -1, "rss": -1, "nproc": 1450579}, "cpu-affinity": "per-task"}}, "constraints": {"hostlist": ["flux-9,flux-4"]}}, "user": {"study_id": "osu-latency-16-iter-0"}}, "version": 1}
START OF EVENTLOG
{"timestamp":1759870200.8583446,"name":"init"}
{"timestamp":1759870200.8588698,"name":"starting"}
{"timestamp":1759870200.8695464,"name":"shell.init","context":{"service":"0-shell-f9CMUzyFV","leader-rank":4,"size":2}}
{"timestamp":1759870200.8713882,"name":"shell.start","context":{"taskmap":{"version":1,"map":[[0,2,1,1]]}}}
{"timestamp":1759870211.0785544,"name":"shell.task-exit","context":{"localid":0,"rank":0,"state":"Exited","pid":3840,"wait_status":0,"signaled":0,"exitcode":0}}
{"timestamp":1759870211.0808129,"name":"complete","context":{"status":0}}
{"timestamp":1759870211.0808311,"name":"done"}

