# OSU MPI Latency Test v5.8
# Size          Latency (us)
== CALIPER: (0): Available services: adiak_export,adiak_import,aggregate,alloc,allocstats,async_event,cpuinfo,debug,event,io,kokkoslookup,kokkostime,loop_monitor,loop_statistics,memstat,mpi,mpiflush,mpireport,pthread,recorder,region_monitor,report,statistics,sysalloc,timer,timeseries,timestamp,trace,validator
== CALIPER: (0): Initialized
== CALIPER: (0): No manual config specified, disabling default channel
0                      16.67
1                      16.62
2                      16.63
4                      16.58
8                      16.61
16                     16.59
32                     18.03
64                     18.28
128                    18.48
256                    20.75
512                    21.31
1024                   21.55
2048                   21.90
4096                   23.44
8192                   25.80
16384                  36.58
32768                  38.37
65536                 100.03
131072                108.13
262144                143.25
524288                158.86
1048576               223.78
2097152               353.63
4194304               604.04
== CALIPER: (0): Finalizing ... 
== CALIPER: (0): Releasing Caliper global data.
  Max active channels: 0
== CALIPER: (0): Process blackboard: max 1 entries (0.0979432% occupancy).
== CALIPER: (0): Releasing Caliper thread data: 
  Metadata tree: 1 blocks, 55 nodes
   Metadata memory pool: 1 MiB reserved, 18.168 KiB used
  Thread blackboard: max 2 entries (0.195886% occupancy).
== CALIPER: (0): Finished
START OF JOBSPEC
{"resources": [{"type": "node", "count": 2, "with": [{"type": "slot", "count": 1, "with": [{"type": "core", "count": 1}], "label": "task"}]}], "tasks": [{"command": ["osu_latency"], "slot": "task", "count": {"per_slot": 1}}], "attributes": {"system": {"duration": 0, "cwd": "/root", "shell": {"options": {"rlimit": {"cpu": -1, "fsize": -1, "data": -1, "stack": 8388608, "core": 0, "nofile": 1024, "as": -1, "rss": -1, "nproc": 1450579}, "cpu-affinity": "per-task"}}, "constraints": {"hostlist": ["flux-4,flux-10"]}}, "user": {"study_id": "osu-latency-16-iter-0"}}, "version": 1}
START OF EVENTLOG
{"timestamp":1759870411.8347235,"name":"init"}
{"timestamp":1759870411.8449104,"name":"shell.init","context":{"service":"0-shell-fAoLGSXqq","leader-rank":4,"size":2}}
{"timestamp":1759870411.835223,"name":"starting"}
{"timestamp":1759870411.8466568,"name":"shell.start","context":{"taskmap":{"version":1,"map":[[0,2,1,1]]}}}
{"timestamp":1759870421.7658355,"name":"shell.task-exit","context":{"localid":0,"rank":0,"state":"Exited","pid":3867,"wait_status":0,"signaled":0,"exitcode":0}}
{"timestamp":1759870421.7681115,"name":"complete","context":{"status":0}}
{"timestamp":1759870421.7681284,"name":"done"}

