# OSU MPI Latency Test v5.8
# Size          Latency (us)
== CALIPER: (0): Available services: adiak_export,adiak_import,aggregate,alloc,allocstats,async_event,cpuinfo,debug,event,io,kokkoslookup,kokkostime,loop_monitor,loop_statistics,memstat,mpi,mpiflush,mpireport,pthread,recorder,region_monitor,report,statistics,sysalloc,timer,timeseries,timestamp,trace,validator
== CALIPER: (0): Initialized
== CALIPER: (0): No manual config specified, disabling default channel
0                      45.88
1                      45.81
2                      46.07
4                      45.82
8                      45.96
16                     45.89
32                     46.07
64                     46.03
128                    46.12
256                    47.02
512                    47.60
1024                   47.98
2048                   49.04
4096                   52.11
8192                   58.02
16384                  63.69
32768                  69.72
65536                 182.74
131072                190.47
262144                244.43
524288                260.73
1048576               329.33
2097152               475.15
4194304               756.03
== CALIPER: (0): Finalizing ... 
== CALIPER: (0): Releasing Caliper global data.
  Max active channels: 0
== CALIPER: (0): Process blackboard: max 1 entries (0.0979432% occupancy).
== CALIPER: (0): Releasing Caliper thread data: 
  Metadata tree: 1 blocks, 55 nodes
   Metadata memory pool: 1 MiB reserved, 18.168 KiB used
  Thread blackboard: max 2 entries (0.195886% occupancy).
== CALIPER: (0): Finished
START OF JOBSPEC
{"resources": [{"type": "node", "count": 2, "with": [{"type": "slot", "count": 1, "with": [{"type": "core", "count": 1}], "label": "task"}]}], "tasks": [{"command": ["osu_latency"], "slot": "task", "count": {"per_slot": 1}}], "attributes": {"system": {"duration": 0, "cwd": "/root", "shell": {"options": {"rlimit": {"cpu": -1, "fsize": -1, "data": -1, "stack": 8388608, "core": 0, "nofile": 1024, "as": -1, "rss": -1, "nproc": 1450579}, "cpu-affinity": "per-task"}}, "constraints": {"hostlist": ["flux-11,flux-12"]}}, "user": {"study_id": "osu-latency-16-iter-0"}}, "version": 1}
START OF EVENTLOG
{"timestamp":1759870140.9713557,"name":"init"}
{"timestamp":1759870140.9813421,"name":"shell.init","context":{"service":"0-shell-f8jxhpXeo","leader-rank":11,"size":2}}
{"timestamp":1759870140.9717724,"name":"starting"}
{"timestamp":1759870140.9845002,"name":"shell.start","context":{"taskmap":{"version":1,"map":[[0,2,1,1]]}}}
{"timestamp":1759870161.1602342,"name":"shell.task-exit","context":{"localid":0,"rank":0,"state":"Exited","pid":3866,"wait_status":0,"signaled":0,"exitcode":0}}
{"timestamp":1759870161.1631768,"name":"complete","context":{"status":0}}
{"timestamp":1759870161.1631939,"name":"done"}

