# OSU MPI Latency Test v5.8
# Size          Latency (us)
== CALIPER: (0): Available services: adiak_export,adiak_import,aggregate,alloc,allocstats,async_event,cpuinfo,debug,event,io,kokkoslookup,kokkostime,loop_monitor,loop_statistics,memstat,mpi,mpiflush,mpireport,pthread,recorder,region_monitor,report,statistics,sysalloc,timer,timeseries,timestamp,trace,validator
== CALIPER: (0): Initialized
== CALIPER: (0): No manual config specified, disabling default channel
0                      44.29
1                      44.20
2                      44.17
4                      44.17
8                      44.18
16                     44.25
32                     44.37
64                     44.43
128                    44.55
256                    45.44
512                    45.79
1024                   46.17
2048                   47.55
4096                   49.76
8192                   54.47
16384                  60.64
32768                  65.09
65536                 172.65
131072                179.18
262144                203.22
524288                231.89
1048576               303.98
2097152               437.74
4194304               691.90
== CALIPER: (0): Finalizing ... 
== CALIPER: (0): Releasing Caliper global data.
  Max active channels: 0
== CALIPER: (0): Process blackboard: max 1 entries (0.0979432% occupancy).
== CALIPER: (0): Releasing Caliper thread data: 
  Metadata tree: 1 blocks, 55 nodes
   Metadata memory pool: 1 MiB reserved, 18.168 KiB used
  Thread blackboard: max 2 entries (0.195886% occupancy).
== CALIPER: (0): Finished
START OF JOBSPEC
{"resources": [{"type": "node", "count": 2, "with": [{"type": "slot", "count": 1, "with": [{"type": "core", "count": 1}], "label": "task"}]}], "tasks": [{"command": ["osu_latency"], "slot": "task", "count": {"per_slot": 1}}], "attributes": {"system": {"duration": 0, "cwd": "/root", "shell": {"options": {"rlimit": {"cpu": -1, "fsize": -1, "data": -1, "stack": 8388608, "core": 0, "nofile": 1024, "as": -1, "rss": -1, "nproc": 1450579}, "cpu-affinity": "per-task"}}, "constraints": {"hostlist": ["flux-9,flux-2"]}}, "user": {"study_id": "osu-latency-16-iter-0"}}, "version": 1}
START OF EVENTLOG
{"timestamp":1759870181.5253479,"name":"init"}
{"timestamp":1759870181.5343378,"name":"shell.init","context":{"service":"0-shell-f93qJxN4w","leader-rank":2,"size":2}}
{"timestamp":1759870181.5258148,"name":"starting"}
{"timestamp":1759870181.5362813,"name":"shell.start","context":{"taskmap":{"version":1,"map":[[0,2,1,1]]}}}
{"timestamp":1759870200.6901834,"name":"shell.task-exit","context":{"localid":0,"rank":0,"state":"Exited","pid":3715,"wait_status":0,"signaled":0,"exitcode":0}}
{"timestamp":1759870200.6927042,"name":"complete","context":{"status":0}}
{"timestamp":1759870200.6927223,"name":"done"}

