# OSU MPI Latency Test v5.8
# Size          Latency (us)
== CALIPER: (0): Available services: adiak_export,adiak_import,aggregate,alloc,allocstats,async_event,cpuinfo,debug,event,io,kokkoslookup,kokkostime,loop_monitor,loop_statistics,memstat,mpi,mpiflush,mpireport,pthread,recorder,region_monitor,report,statistics,sysalloc,timer,timeseries,timestamp,trace,validator
== CALIPER: (0): Initialized
== CALIPER: (0): No manual config specified, disabling default channel
0                      45.72
1                      45.72
2                      45.73
4                      45.94
8                      45.71
16                     45.76
32                     45.88
64                     45.93
128                    46.05
256                    47.08
512                    47.51
1024                   47.94
2048                   49.14
4096                   51.62
8192                   56.28
16384                  64.90
32768                  68.55
65536                 194.45
131072                203.75
262144                250.86
524288                261.02
1048576               320.64
2097152               451.86
4194304               712.13
== CALIPER: (0): Finalizing ... 
== CALIPER: (0): Releasing Caliper global data.
  Max active channels: 0
== CALIPER: (0): Process blackboard: max 1 entries (0.0979432% occupancy).
== CALIPER: (0): Releasing Caliper thread data: 
  Metadata tree: 1 blocks, 55 nodes
   Metadata memory pool: 1 MiB reserved, 18.168 KiB used
  Thread blackboard: max 2 entries (0.195886% occupancy).
== CALIPER: (0): Finished
START OF JOBSPEC
{"resources": [{"type": "node", "count": 2, "with": [{"type": "slot", "count": 1, "with": [{"type": "core", "count": 1}], "label": "task"}]}], "tasks": [{"command": ["osu_latency"], "slot": "task", "count": {"per_slot": 1}}], "attributes": {"system": {"duration": 0, "cwd": "/root", "shell": {"options": {"rlimit": {"cpu": -1, "fsize": -1, "data": -1, "stack": 8388608, "core": 0, "nofile": 1024, "as": -1, "rss": -1, "nproc": 1450579}, "cpu-affinity": "per-task"}}, "constraints": {"hostlist": ["flux-9,flux-7"]}}, "user": {"study_id": "osu-latency-16-iter-0"}}, "version": 1}
START OF EVENTLOG
{"timestamp":1759870161.3263071,"name":"init"}
{"timestamp":1759870161.3365104,"name":"shell.init","context":{"service":"0-shell-f8tw12Uqm","leader-rank":7,"size":2}}
{"timestamp":1759870161.3267553,"name":"starting"}
{"timestamp":1759870161.3383491,"name":"shell.start","context":{"taskmap":{"version":1,"map":[[0,2,1,1]]}}}
{"timestamp":1759870181.3599069,"name":"shell.task-exit","context":{"localid":0,"rank":0,"state":"Exited","pid":3708,"wait_status":0,"signaled":0,"exitcode":0}}
{"timestamp":1759870181.3621266,"name":"complete","context":{"status":0}}
{"timestamp":1759870181.3621435,"name":"done"}

