# OSU MPI Latency Test v5.8
# Size          Latency (us)
== CALIPER: (0): Available services: adiak_export,adiak_import,aggregate,alloc,allocstats,async_event,cpuinfo,debug,event,io,kokkoslookup,kokkostime,loop_monitor,loop_statistics,memstat,mpi,mpiflush,mpireport,pthread,recorder,region_monitor,report,statistics,sysalloc,timer,timeseries,timestamp,trace,validator
== CALIPER: (0): Initialized
== CALIPER: (0): No manual config specified, disabling default channel
0                      15.04
1                      15.24
2                      16.68
4                      16.68
8                      16.70
16                     16.70
32                     16.74
64                     17.22
128                    18.75
256                    19.74
512                    19.98
1024                   20.24
2048                   21.00
4096                   22.32
8192                   24.86
16384                  30.79
32768                  34.26
65536                  84.83
131072                 93.47
262144                120.69
524288                148.74
1048576               219.61
2097152               349.89
4194304               622.42
== CALIPER: (0): Finalizing ... 
== CALIPER: (0): Releasing Caliper global data.
  Max active channels: 0
== CALIPER: (0): Process blackboard: max 1 entries (0.0979432% occupancy).
== CALIPER: (0): Releasing Caliper thread data: 
  Metadata tree: 1 blocks, 55 nodes
   Metadata memory pool: 1 MiB reserved, 18.168 KiB used
  Thread blackboard: max 2 entries (0.195886% occupancy).
== CALIPER: (0): Finished
START OF JOBSPEC
{"resources": [{"type": "node", "count": 2, "with": [{"type": "slot", "count": 1, "with": [{"type": "core", "count": 1}], "label": "task"}]}], "tasks": [{"command": ["osu_latency"], "slot": "task", "count": {"per_slot": 1}}], "attributes": {"system": {"duration": 0, "cwd": "/root", "shell": {"options": {"rlimit": {"cpu": -1, "fsize": -1, "data": -1, "stack": 8388608, "core": 0, "nofile": 1024, "as": -1, "rss": -1, "nproc": 1450579}, "cpu-affinity": "per-task"}}, "constraints": {"hostlist": ["flux-11,flux-8"]}}, "user": {"study_id": "osu-latency-16-iter-0"}}, "version": 1}
START OF EVENTLOG
{"timestamp":1759870120.6620846,"name":"init"}
{"timestamp":1759870120.6624739,"name":"starting"}
{"timestamp":1759870120.6726789,"name":"shell.init","context":{"service":"0-shell-f8b1ZL29M","leader-rank":8,"size":2}}
{"timestamp":1759870120.675993,"name":"shell.start","context":{"taskmap":{"version":1,"map":[[0,2,1,1]]}}}
{"timestamp":1759870130.2390599,"name":"shell.task-exit","context":{"localid":0,"rank":1,"state":"Exited","pid":3860,"wait_status":0,"signaled":0,"exitcode":0}}
{"timestamp":1759870130.2410307,"name":"complete","context":{"status":0}}
{"timestamp":1759870130.2410486,"name":"done"}

