# OSU MPI Latency Test v5.8
# Size          Latency (us)
== CALIPER: (0): Available services: adiak_export,adiak_import,aggregate,alloc,allocstats,async_event,cpuinfo,debug,event,io,kokkoslookup,kokkostime,loop_monitor,loop_statistics,memstat,mpi,mpiflush,mpireport,pthread,recorder,region_monitor,report,statistics,sysalloc,timer,timeseries,timestamp,trace,validator
== CALIPER: (0): Initialized
== CALIPER: (0): No manual config specified, disabling default channel
0                      47.23
1                      47.26
2                      47.22
4                      47.19
8                      47.24
16                     47.26
32                     47.40
64                     47.41
128                    47.55
256                    48.57
512                    48.97
1024                   49.36
2048                   50.63
4096                   52.98
8192                   57.76
16384                  63.47
32768                  67.65
65536                 186.46
131072                193.03
262144                256.71
524288                258.74
1048576               315.69
2097152               449.63
4194304               713.03
== CALIPER: (0): Finalizing ... 
== CALIPER: (0): Releasing Caliper global data.
  Max active channels: 0
== CALIPER: (0): Process blackboard: max 1 entries (0.0979432% occupancy).
== CALIPER: (0): Releasing Caliper thread data: 
  Metadata tree: 1 blocks, 55 nodes
   Metadata memory pool: 1 MiB reserved, 18.168 KiB used
  Thread blackboard: max 2 entries (0.195886% occupancy).
== CALIPER: (0): Finished
START OF JOBSPEC
{"resources": [{"type": "node", "count": 2, "with": [{"type": "slot", "count": 1, "with": [{"type": "core", "count": 1}], "label": "task"}]}], "tasks": [{"command": ["osu_latency"], "slot": "task", "count": {"per_slot": 1}}], "attributes": {"system": {"duration": 0, "cwd": "/root", "shell": {"options": {"rlimit": {"cpu": -1, "fsize": -1, "data": -1, "stack": 8388608, "core": 0, "nofile": 1024, "as": -1, "rss": -1, "nproc": 1450579}, "cpu-affinity": "per-task"}}, "constraints": {"hostlist": ["flux-11,flux-7"]}}, "user": {"study_id": "osu-latency-16-iter-0"}}, "version": 1}
START OF EVENTLOG
{"timestamp":1759870068.3138146,"name":"init"}
{"timestamp":1759870068.3230681,"name":"shell.init","context":{"service":"0-shell-f8BwV4E6K","leader-rank":7,"size":2}}
{"timestamp":1759870068.3142245,"name":"starting"}
{"timestamp":1759870068.3263857,"name":"shell.start","context":{"taskmap":{"version":1,"map":[[0,2,1,1]]}}}
{"timestamp":1759870088.7402062,"name":"shell.task-exit","context":{"localid":0,"rank":0,"state":"Exited","pid":3705,"wait_status":0,"signaled":0,"exitcode":0}}
{"timestamp":1759870088.7428188,"name":"complete","context":{"status":0}}
{"timestamp":1759870088.7428379,"name":"done"}

