# OSU MPI Latency Test v5.8
# Size          Latency (us)
== CALIPER: (0): Available services: adiak_export,adiak_import,aggregate,alloc,allocstats,async_event,cpuinfo,debug,event,io,kokkoslookup,kokkostime,loop_monitor,loop_statistics,memstat,mpi,mpiflush,mpireport,pthread,recorder,region_monitor,report,statistics,sysalloc,timer,timeseries,timestamp,trace,validator
== CALIPER: (0): Initialized
== CALIPER: (0): No manual config specified, disabling default channel
0                      45.50
1                      45.39
2                      45.46
4                      45.30
8                      45.54
16                     45.41
32                     45.51
64                     45.49
128                    45.77
256                    46.55
512                    46.84
1024                   47.30
2048                   48.26
4096                   50.74
8192                   55.28
16384                  61.03
32768                  65.98
65536                 176.85
131072                183.73
262144                207.04
524288                234.57
1048576               304.58
2097152               429.79
4194304               683.97
== CALIPER: (0): Finalizing ... 
== CALIPER: (0): Releasing Caliper global data.
  Max active channels: 0
== CALIPER: (0): Process blackboard: max 1 entries (0.0979432% occupancy).
== CALIPER: (0): Releasing Caliper thread data: 
  Metadata tree: 1 blocks, 55 nodes
   Metadata memory pool: 1 MiB reserved, 18.168 KiB used
  Thread blackboard: max 2 entries (0.195886% occupancy).
== CALIPER: (0): Finished
START OF JOBSPEC
{"resources": [{"type": "node", "count": 2, "with": [{"type": "slot", "count": 1, "with": [{"type": "core", "count": 1}], "label": "task"}]}], "tasks": [{"command": ["osu_latency"], "slot": "task", "count": {"per_slot": 1}}], "attributes": {"system": {"duration": 0, "cwd": "/root", "shell": {"options": {"rlimit": {"cpu": -1, "fsize": -1, "data": -1, "stack": 8388608, "core": 0, "nofile": 1024, "as": -1, "rss": -1, "nproc": 1450579}, "cpu-affinity": "per-task"}}, "constraints": {"hostlist": ["flux-2,flux-10"]}}, "user": {"study_id": "osu-latency-16-iter-0"}}, "version": 1}
START OF EVENTLOG
{"timestamp":1759870374.1498029,"name":"init"}
{"timestamp":1759870374.1593471,"name":"shell.init","context":{"service":"0-shell-fAWizjAw1","leader-rank":2,"size":2}}
{"timestamp":1759870374.1503098,"name":"starting"}
{"timestamp":1759870374.1608257,"name":"shell.start","context":{"taskmap":{"version":1,"map":[[0,2,1,1]]}}}
{"timestamp":1759870393.6530368,"name":"shell.task-exit","context":{"localid":0,"rank":0,"state":"Exited","pid":3741,"wait_status":0,"signaled":0,"exitcode":0}}
{"timestamp":1759870393.6552701,"name":"complete","context":{"status":0}}
{"timestamp":1759870393.6552875,"name":"done"}

