# OSU MPI Latency Test v5.8
# Size          Latency (us)
== CALIPER: (0): Available services: adiak_export,adiak_import,aggregate,alloc,allocstats,async_event,cpuinfo,debug,event,io,kokkoslookup,kokkostime,loop_monitor,loop_statistics,memstat,mpi,mpiflush,mpireport,pthread,recorder,region_monitor,report,statistics,sysalloc,timer,timeseries,timestamp,trace,validator
== CALIPER: (0): Initialized
== CALIPER: (0): No manual config specified, disabling default channel
0                      49.57
1                      49.43
2                      49.46
4                      49.45
8                      49.48
16                     49.49
32                     49.56
64                     49.67
128                    49.88
256                    50.70
512                    51.00
1024                   51.55
2048                   52.68
4096                   54.93
8192                   59.64
16384                  68.50
32768                  72.25
65536                 204.97
131072                214.32
262144                242.48
524288                260.34
1048576               327.69
2097152               454.59
4194304               713.40
== CALIPER: (0): Finalizing ... 
== CALIPER: (0): Releasing Caliper global data.
  Max active channels: 0
== CALIPER: (0): Process blackboard: max 1 entries (0.0979432% occupancy).
== CALIPER: (0): Releasing Caliper thread data: 
  Metadata tree: 1 blocks, 55 nodes
   Metadata memory pool: 1 MiB reserved, 18.168 KiB used
  Thread blackboard: max 2 entries (0.195886% occupancy).
== CALIPER: (0): Finished
START OF JOBSPEC
{"resources": [{"type": "node", "count": 2, "with": [{"type": "slot", "count": 1, "with": [{"type": "core", "count": 1}], "label": "task"}]}], "tasks": [{"command": ["osu_latency"], "slot": "task", "count": {"per_slot": 1}}], "attributes": {"system": {"duration": 0, "cwd": "/root", "shell": {"options": {"rlimit": {"cpu": -1, "fsize": -1, "data": -1, "stack": 8388608, "core": 0, "nofile": 1024, "as": -1, "rss": -1, "nproc": 1450579}, "cpu-affinity": "per-task"}}, "constraints": {"hostlist": ["flux-7,flux-10"]}}, "user": {"study_id": "osu-latency-16-iter-0"}}, "version": 1}
START OF EVENTLOG
{"timestamp":1759870300.9480464,"name":"init"}
{"timestamp":1759870300.9574795,"name":"shell.init","context":{"service":"0-shell-f9xTsTc4w","leader-rank":7,"size":2}}
{"timestamp":1759870300.948534,"name":"starting"}
{"timestamp":1759870300.9590323,"name":"shell.start","context":{"taskmap":{"version":1,"map":[[0,2,1,1]]}}}
{"timestamp":1759870322.144002,"name":"shell.task-exit","context":{"localid":0,"rank":0,"state":"Exited","pid":3857,"wait_status":0,"signaled":0,"exitcode":0}}
{"timestamp":1759870322.1464415,"name":"complete","context":{"status":0}}
{"timestamp":1759870322.1464605,"name":"done"}

