# OSU MPI Latency Test v5.8
# Size          Latency (us)
== CALIPER: (0): Available services: adiak_export,adiak_import,aggregate,alloc,allocstats,async_event,cpuinfo,debug,event,io,kokkoslookup,kokkostime,loop_monitor,loop_statistics,memstat,mpi,mpiflush,mpireport,pthread,recorder,region_monitor,report,statistics,sysalloc,timer,timeseries,timestamp,trace,validator
== CALIPER: (0): Initialized
== CALIPER: (0): No manual config specified, disabling default channel
0                      46.78
1                      46.79
2                      46.77
4                      46.79
8                      46.82
16                     46.81
32                     46.97
64                     46.97
128                    47.11
256                    47.95
512                    48.32
1024                   48.74
2048                   49.91
4096                   52.23
8192                   57.02
16384                  63.39
32768                  67.50
65536                 183.49
131072                190.58
262144                245.49
524288                249.49
1048576               308.73
2097152               440.17
4194304               702.24
== CALIPER: (0): Finalizing ... 
== CALIPER: (0): Releasing Caliper global data.
  Max active channels: 0
== CALIPER: (0): Process blackboard: max 1 entries (0.0979432% occupancy).
== CALIPER: (0): Releasing Caliper thread data: 
  Metadata tree: 1 blocks, 55 nodes
   Metadata memory pool: 1 MiB reserved, 18.168 KiB used
  Thread blackboard: max 2 entries (0.195886% occupancy).
== CALIPER: (0): Finished
START OF JOBSPEC
{"resources": [{"type": "node", "count": 2, "with": [{"type": "slot", "count": 1, "with": [{"type": "core", "count": 1}], "label": "task"}]}], "tasks": [{"command": ["osu_latency"], "slot": "task", "count": {"per_slot": 1}}], "attributes": {"system": {"duration": 0, "cwd": "/root", "shell": {"options": {"rlimit": {"cpu": -1, "fsize": -1, "data": -1, "stack": 8388608, "core": 0, "nofile": 1024, "as": -1, "rss": -1, "nproc": 1450579}, "cpu-affinity": "per-task"}}, "constraints": {"hostlist": ["flux-2,flux-4"]}}, "user": {"study_id": "osu-latency-16-iter-0"}}, "version": 1}
START OF EVENTLOG
{"timestamp":1759870333.8439245,"name":"init"}
{"timestamp":1759870333.8537118,"name":"shell.init","context":{"service":"0-shell-fACxjGGQP","leader-rank":2,"size":2}}
{"timestamp":1759870333.8444023,"name":"starting"}
{"timestamp":1759870333.8552389,"name":"shell.start","context":{"taskmap":{"version":1,"map":[[0,2,1,1]]}}}
{"timestamp":1759870354.0017383,"name":"shell.task-exit","context":{"localid":0,"rank":0,"state":"Exited","pid":3735,"wait_status":0,"signaled":0,"exitcode":0}}
{"timestamp":1759870354.0043976,"name":"complete","context":{"status":0}}
{"timestamp":1759870354.0044153,"name":"done"}

