# OSU MPI Latency Test v5.8
# Size          Latency (us)
== CALIPER: (0): Available services: adiak_export,adiak_import,aggregate,alloc,allocstats,async_event,cpuinfo,debug,event,io,kokkoslookup,kokkostime,loop_monitor,loop_statistics,memstat,mpi,mpiflush,mpireport,pthread,recorder,region_monitor,report,statistics,sysalloc,timer,timeseries,timestamp,trace,validator
== CALIPER: (0): Initialized
== CALIPER: (0): No manual config specified, disabling default channel
0                      17.70
1                      17.85
2                      19.64
4                      18.11
8                      17.50
16                     17.58
32                     17.58
64                     19.43
128                    19.45
256                    20.28
512                    20.45
1024                   19.52
2048                   21.82
4096                   23.60
8192                   25.47
16384                  28.35
32768                  32.78
65536                  75.38
131072                 90.13
262144                111.42
524288                139.41
1048576               208.05
2097152               342.99
4194304               608.83
== CALIPER: (0): Finalizing ... 
== CALIPER: (0): Releasing Caliper global data.
  Max active channels: 0
== CALIPER: (0): Process blackboard: max 1 entries (0.0979432% occupancy).
== CALIPER: (0): Releasing Caliper thread data: 
  Metadata tree: 1 blocks, 55 nodes
   Metadata memory pool: 1 MiB reserved, 18.168 KiB used
  Thread blackboard: max 2 entries (0.195886% occupancy).
== CALIPER: (0): Finished
START OF JOBSPEC
{"resources": [{"type": "node", "count": 2, "with": [{"type": "slot", "count": 1, "with": [{"type": "core", "count": 1}], "label": "task"}]}], "tasks": [{"command": ["osu_latency"], "slot": "task", "count": {"per_slot": 1}}], "attributes": {"system": {"duration": 0, "cwd": "/root", "shell": {"options": {"rlimit": {"cpu": -1, "fsize": -1, "data": -1, "stack": 8388608, "core": 0, "nofile": 1024, "as": -1, "rss": -1, "nproc": 1450579}, "cpu-affinity": "per-task"}}, "constraints": {"hostlist": ["flux-2,flux-12"]}}, "user": {"study_id": "osu-latency-16-iter-0"}}, "version": 1}
START OF EVENTLOG
{"timestamp":1759870393.8182607,"name":"init"}
{"timestamp":1759870393.8271081,"name":"shell.init","context":{"service":"0-shell-fAfPkucoR","leader-rank":2,"size":2}}
{"timestamp":1759870393.8287404,"name":"shell.start","context":{"taskmap":{"version":1,"map":[[0,2,1,1]]}}}
{"timestamp":1759870393.8187735,"name":"starting"}
{"timestamp":1759870403.622262,"name":"shell.task-exit","context":{"localid":0,"rank":0,"state":"Exited","pid":3744,"wait_status":0,"signaled":0,"exitcode":0}}
{"timestamp":1759870403.6249197,"name":"complete","context":{"status":0}}
{"timestamp":1759870403.6249363,"name":"done"}

