# OSU MPI Latency Test v5.8
# Size          Latency (us)
== CALIPER: (0): Available services: adiak_export,adiak_import,aggregate,alloc,allocstats,async_event,cpuinfo,debug,event,io,kokkoslookup,kokkostime,loop_monitor,loop_statistics,memstat,mpi,mpiflush,mpireport,pthread,recorder,region_monitor,report,statistics,sysalloc,timer,timeseries,timestamp,trace,validator
== CALIPER: (0): Initialized
== CALIPER: (0): No manual config specified, disabling default channel
0                      14.61
1                      14.57
2                      14.61
4                      14.58
8                      14.58
16                     14.62
32                     14.63
64                     15.34
128                    16.97
256                    19.44
512                    19.61
1024                   19.89
2048                   20.98
4096                   22.06
8192                   24.88
16384                  34.97
32768                  34.08
65536                  96.26
131072                 98.70
262144                114.50
524288                144.40
1048576               213.07
2097152               332.67
4194304               588.86
== CALIPER: (0): Finalizing ... 
== CALIPER: (0): Releasing Caliper global data.
  Max active channels: 0
== CALIPER: (0): Process blackboard: max 1 entries (0.0979432% occupancy).
== CALIPER: (0): Releasing Caliper thread data: 
  Metadata tree: 1 blocks, 55 nodes
   Metadata memory pool: 1 MiB reserved, 18.168 KiB used
  Thread blackboard: max 2 entries (0.195886% occupancy).
== CALIPER: (0): Finished
START OF JOBSPEC
{"resources": [{"type": "node", "count": 2, "with": [{"type": "slot", "count": 1, "with": [{"type": "core", "count": 1}], "label": "task"}]}], "tasks": [{"command": ["osu_latency"], "slot": "task", "count": {"per_slot": 1}}], "attributes": {"system": {"duration": 0, "cwd": "/root", "shell": {"options": {"rlimit": {"cpu": -1, "fsize": -1, "data": -1, "stack": 8388608, "core": 0, "nofile": 1024, "as": -1, "rss": -1, "nproc": 1450579}, "cpu-affinity": "per-task"}}, "constraints": {"hostlist": ["flux-7,flux-2"]}}, "user": {"study_id": "osu-latency-16-iter-0"}}, "version": 1}
START OF EVENTLOG
{"timestamp":1759870251.8065832,"name":"init"}
{"timestamp":1759870251.8156619,"name":"shell.init","context":{"service":"0-shell-f9aomi6mm","leader-rank":2,"size":2}}
{"timestamp":1759870251.8070025,"name":"starting"}
{"timestamp":1759870251.8171887,"name":"shell.start","context":{"taskmap":{"version":1,"map":[[0,2,1,1]]}}}
{"timestamp":1759870260.9483027,"name":"shell.task-exit","context":{"localid":0,"rank":0,"state":"Exited","pid":3718,"wait_status":0,"signaled":0,"exitcode":0}}
{"timestamp":1759870260.9506812,"name":"complete","context":{"status":0}}
{"timestamp":1759870260.9506981,"name":"done"}

