# OSU MPI Latency Test v5.8
# Size          Latency (us)
== CALIPER: (0): Available services: adiak_export,adiak_import,aggregate,alloc,allocstats,async_event,cpuinfo,debug,event,io,kokkoslookup,kokkostime,loop_monitor,loop_statistics,memstat,mpi,mpiflush,mpireport,pthread,recorder,region_monitor,report,statistics,sysalloc,timer,timeseries,timestamp,trace,validator
== CALIPER: (0): Initialized
== CALIPER: (0): No manual config specified, disabling default channel
0                      18.13
1                      18.63
2                      18.61
4                      18.59
8                      18.60
16                     19.99
32                     20.33
64                     20.37
128                    20.55
256                    21.47
512                    21.72
1024                   22.02
2048                   22.74
4096                   23.98
8192                   25.89
16384                  31.50
32768                  34.70
65536                  90.13
131072                 98.97
262144                120.67
524288                147.35
1048576               216.13
2097152               353.14
4194304               614.51
== CALIPER: (0): Finalizing ... 
== CALIPER: (0): Releasing Caliper global data.
  Max active channels: 0
== CALIPER: (0): Process blackboard: max 1 entries (0.0979432% occupancy).
== CALIPER: (0): Releasing Caliper thread data: 
  Metadata tree: 1 blocks, 55 nodes
   Metadata memory pool: 1 MiB reserved, 18.168 KiB used
  Thread blackboard: max 2 entries (0.195886% occupancy).
== CALIPER: (0): Finished
START OF JOBSPEC
{"resources": [{"type": "node", "count": 2, "with": [{"type": "slot", "count": 1, "with": [{"type": "core", "count": 1}], "label": "task"}]}], "tasks": [{"command": ["osu_latency"], "slot": "task", "count": {"per_slot": 1}}], "attributes": {"system": {"duration": 0, "cwd": "/root", "shell": {"options": {"rlimit": {"cpu": -1, "fsize": -1, "data": -1, "stack": 8388608, "core": 0, "nofile": 1024, "as": -1, "rss": -1, "nproc": 1450579}, "cpu-affinity": "per-task"}}, "constraints": {"hostlist": ["flux-9,flux-8"]}}, "user": {"study_id": "osu-latency-16-iter-0"}}, "version": 1}
START OF EVENTLOG
{"timestamp":1759870211.249824,"name":"init"}
{"timestamp":1759870211.2502627,"name":"starting"}
{"timestamp":1759870211.260915,"name":"shell.init","context":{"service":"0-shell-f9Gw68JWb","leader-rank":8,"size":2}}
{"timestamp":1759870211.2629917,"name":"shell.start","context":{"taskmap":{"version":1,"map":[[0,2,1,1]]}}}
{"timestamp":1759870221.5169675,"name":"shell.task-exit","context":{"localid":0,"rank":0,"state":"Exited","pid":4391,"wait_status":0,"signaled":0,"exitcode":0}}
{"timestamp":1759870221.5191386,"name":"complete","context":{"status":0}}
{"timestamp":1759870221.519156,"name":"done"}

