# OSU MPI Latency Test v5.8
# Size          Latency (us)
== CALIPER: (0): Available services: adiak_export,adiak_import,aggregate,alloc,allocstats,async_event,cpuinfo,debug,event,io,kokkoslookup,kokkostime,loop_monitor,loop_statistics,memstat,mpi,mpiflush,mpireport,pthread,recorder,region_monitor,report,statistics,sysalloc,timer,timeseries,timestamp,trace,validator
== CALIPER: (0): Initialized
== CALIPER: (0): No manual config specified, disabling default channel
0                      14.88
1                      16.26
2                      16.60
4                      16.40
8                      16.49
16                     16.57
32                     16.62
64                     16.55
128                    16.81
256                    19.26
512                    19.49
1024                   19.77
2048                   20.36
4096                   22.11
8192                   24.77
16384                  34.76
32768                  38.38
65536                  95.58
131072                105.52
262144                132.89
524288                155.63
1048576               228.73
2097152               354.98
4194304               618.23
== CALIPER: (0): Finalizing ... 
== CALIPER: (0): Releasing Caliper global data.
  Max active channels: 0
== CALIPER: (0): Process blackboard: max 1 entries (0.0979432% occupancy).
== CALIPER: (0): Releasing Caliper thread data: 
  Metadata tree: 1 blocks, 55 nodes
   Metadata memory pool: 1 MiB reserved, 18.168 KiB used
  Thread blackboard: max 2 entries (0.195886% occupancy).
== CALIPER: (0): Finished
START OF JOBSPEC
{"resources": [{"type": "node", "count": 2, "with": [{"type": "slot", "count": 1, "with": [{"type": "core", "count": 1}], "label": "task"}]}], "tasks": [{"command": ["osu_latency"], "slot": "task", "count": {"per_slot": 1}}], "attributes": {"system": {"duration": 0, "cwd": "/root", "shell": {"options": {"rlimit": {"cpu": -1, "fsize": -1, "data": -1, "stack": 8388608, "core": 0, "nofile": 1024, "as": -1, "rss": -1, "nproc": 1450579}, "cpu-affinity": "per-task"}}, "constraints": {"hostlist": ["flux-11,flux-4"]}}, "user": {"study_id": "osu-latency-16-iter-0"}}, "version": 1}
START OF EVENTLOG
{"timestamp":1759870110.8938348,"name":"init"}
{"timestamp":1759870110.8942561,"name":"starting"}
{"timestamp":1759870110.9049029,"name":"shell.init","context":{"service":"0-shell-f8WhspyT5","leader-rank":4,"size":2}}
{"timestamp":1759870110.9083586,"name":"shell.start","context":{"taskmap":{"version":1,"map":[[0,2,1,1]]}}}
{"timestamp":1759870120.4954963,"name":"shell.task-exit","context":{"localid":0,"rank":0,"state":"Exited","pid":3837,"wait_status":0,"signaled":0,"exitcode":0}}
{"timestamp":1759870120.4976408,"name":"complete","context":{"status":0}}
{"timestamp":1759870120.4976575,"name":"done"}

