# OSU MPI Latency Test v5.8
# Size          Latency (us)
== CALIPER: (0): Available services: adiak_export,adiak_import,aggregate,alloc,allocstats,async_event,cpuinfo,debug,event,io,kokkoslookup,kokkostime,loop_monitor,loop_statistics,memstat,mpi,mpiflush,mpireport,pthread,recorder,region_monitor,report,statistics,sysalloc,timer,timeseries,timestamp,trace,validator
== CALIPER: (0): Initialized
== CALIPER: (0): No manual config specified, disabling default channel
0                      14.98
1                      14.99
2                      14.84
4                      14.94
8                      15.55
16                     18.13
32                     18.44
64                     18.69
128                    18.76
256                    19.64
512                    19.86
1024                   20.12
2048                   21.08
4096                   22.21
8192                   24.98
16384                  36.87
32768                  37.73
65536                  95.70
131072                103.47
262144                139.84
524288                150.33
1048576               215.71
2097152               343.81
4194304               597.09
== CALIPER: (0): Finalizing ... 
== CALIPER: (0): Releasing Caliper global data.
  Max active channels: 0
== CALIPER: (0): Process blackboard: max 1 entries (0.0979432% occupancy).
== CALIPER: (0): Releasing Caliper thread data: 
  Metadata tree: 1 blocks, 55 nodes
   Metadata memory pool: 1 MiB reserved, 18.168 KiB used
  Thread blackboard: max 2 entries (0.195886% occupancy).
== CALIPER: (0): Finished
START OF JOBSPEC
{"resources": [{"type": "node", "count": 2, "with": [{"type": "slot", "count": 1, "with": [{"type": "core", "count": 1}], "label": "task"}]}], "tasks": [{"command": ["osu_latency"], "slot": "task", "count": {"per_slot": 1}}], "attributes": {"system": {"duration": 0, "cwd": "/root", "shell": {"options": {"rlimit": {"cpu": -1, "fsize": -1, "data": -1, "stack": 8388608, "core": 0, "nofile": 1024, "as": -1, "rss": -1, "nproc": 1450579}, "cpu-affinity": "per-task"}}, "constraints": {"hostlist": ["flux-9,flux-10"]}}, "user": {"study_id": "osu-latency-16-iter-0"}}, "version": 1}
START OF EVENTLOG
{"timestamp":1759870221.6853051,"name":"init"}
{"timestamp":1759870221.6949077,"name":"shell.init","context":{"service":"0-shell-f9MXqy5TD","leader-rank":9,"size":2}}
{"timestamp":1759870221.6857791,"name":"starting"}
{"timestamp":1759870221.6966429,"name":"shell.start","context":{"taskmap":{"version":1,"map":[[0,2,1,1]]}}}
{"timestamp":1759870231.2773771,"name":"shell.task-exit","context":{"localid":0,"rank":0,"state":"Exited","pid":3830,"wait_status":0,"signaled":0,"exitcode":0}}
{"timestamp":1759870231.2799661,"name":"complete","context":{"status":0}}
{"timestamp":1759870231.2799838,"name":"done"}

