# OSU MPI Latency Test v5.8
# Size          Latency (us)
== CALIPER: (0): Available services: adiak_export,adiak_import,aggregate,alloc,allocstats,async_event,cpuinfo,debug,event,io,kokkoslookup,kokkostime,loop_monitor,loop_statistics,memstat,mpi,mpiflush,mpireport,pthread,recorder,region_monitor,report,statistics,sysalloc,timer,timeseries,timestamp,trace,validator
== CALIPER: (0): Initialized
== CALIPER: (0): No manual config specified, disabling default channel
0                      46.63
1                      46.70
2                      46.75
4                      46.65
8                      46.60
16                     46.67
32                     46.81
64                     46.86
128                    46.97
256                    47.77
512                    48.14
1024                   48.61
2048                   50.10
4096                   52.37
8192                   57.74
16384                  63.92
32768                  68.94
65536                 182.79
131072                191.54
262144                219.21
524288                244.42
1048576               319.77
2097152               454.30
4194304               730.94
== CALIPER: (0): Finalizing ... 
== CALIPER: (0): Releasing Caliper global data.
  Max active channels: 0
== CALIPER: (0): Process blackboard: max 1 entries (0.0979432% occupancy).
== CALIPER: (0): Releasing Caliper thread data: 
  Metadata tree: 1 blocks, 55 nodes
   Metadata memory pool: 1 MiB reserved, 18.168 KiB used
  Thread blackboard: max 2 entries (0.195886% occupancy).
== CALIPER: (0): Finished
START OF JOBSPEC
{"resources": [{"type": "node", "count": 2, "with": [{"type": "slot", "count": 1, "with": [{"type": "core", "count": 1}], "label": "task"}]}], "tasks": [{"command": ["osu_latency"], "slot": "task", "count": {"per_slot": 1}}], "attributes": {"system": {"duration": 0, "cwd": "/root", "shell": {"options": {"rlimit": {"cpu": -1, "fsize": -1, "data": -1, "stack": 8388608, "core": 0, "nofile": 1024, "as": -1, "rss": -1, "nproc": 1450579}, "cpu-affinity": "per-task"}}, "constraints": {"hostlist": ["flux-9,flux-12"]}}, "user": {"study_id": "osu-latency-16-iter-0"}}, "version": 1}
START OF EVENTLOG
{"timestamp":1759870231.4430454,"name":"init"}
{"timestamp":1759870231.4525363,"name":"shell.init","context":{"service":"0-shell-f9RqGeFL3","leader-rank":9,"size":2}}
{"timestamp":1759870231.4434686,"name":"starting"}
{"timestamp":1759870231.4543457,"name":"shell.start","context":{"taskmap":{"version":1,"map":[[0,2,1,1]]}}}
{"timestamp":1759870251.6381788,"name":"shell.task-exit","context":{"localid":0,"rank":0,"state":"Exited","pid":3835,"wait_status":0,"signaled":0,"exitcode":0}}
{"timestamp":1759870251.6411147,"name":"complete","context":{"status":0}}
{"timestamp":1759870251.6411314,"name":"done"}

