# OSU MPI Latency Test v5.8
# Size          Latency (us)
== CALIPER: (0): Available services: adiak_export,adiak_import,aggregate,alloc,allocstats,async_event,cpuinfo,debug,event,io,kokkoslookup,kokkostime,loop_monitor,loop_statistics,memstat,mpi,mpiflush,mpireport,pthread,recorder,region_monitor,report,statistics,sysalloc,timer,timeseries,timestamp,trace,validator
== CALIPER: (0): Initialized
== CALIPER: (0): No manual config specified, disabling default channel
0                      21.33
1                      21.33
2                      21.29
4                      21.31
8                      21.70
16                     23.06
32                     23.16
64                     23.16
128                    23.41
256                    24.41
512                    24.65
1024                   24.90
2048                   24.58
4096                   27.83
8192                   29.63
16384                  36.95
32768                  39.39
65536                  99.45
131072                110.12
262144                138.31
524288                158.70
1048576               229.11
2097152               362.49
4194304               635.69
== CALIPER: (0): Finalizing ... 
== CALIPER: (0): Releasing Caliper global data.
  Max active channels: 0
== CALIPER: (0): Process blackboard: max 1 entries (0.0979432% occupancy).
== CALIPER: (0): Releasing Caliper thread data: 
  Metadata tree: 1 blocks, 55 nodes
   Metadata memory pool: 1 MiB reserved, 18.168 KiB used
  Thread blackboard: max 2 entries (0.195886% occupancy).
== CALIPER: (0): Finished
START OF JOBSPEC
{"resources": [{"type": "node", "count": 2, "with": [{"type": "slot", "count": 1, "with": [{"type": "core", "count": 1}], "label": "task"}]}], "tasks": [{"command": ["osu_latency"], "slot": "task", "count": {"per_slot": 1}}], "attributes": {"system": {"duration": 0, "cwd": "/root", "shell": {"options": {"rlimit": {"cpu": -1, "fsize": -1, "data": -1, "stack": 8388608, "core": 0, "nofile": 1024, "as": -1, "rss": -1, "nproc": 1450579}, "cpu-affinity": "per-task"}}, "constraints": {"hostlist": ["flux-7,flux-12"]}}, "user": {"study_id": "osu-latency-16-iter-0"}}, "version": 1}
START OF EVENTLOG
{"timestamp":1759870322.3144116,"name":"init"}
{"timestamp":1759870322.3240125,"name":"shell.init","context":{"service":"0-shell-fA7t312Ss","leader-rank":7,"size":2}}
{"timestamp":1759870322.3149014,"name":"starting"}
{"timestamp":1759870322.3256195,"name":"shell.start","context":{"taskmap":{"version":1,"map":[[0,2,1,1]]}}}
{"timestamp":1759870333.6793468,"name":"shell.task-exit","context":{"localid":0,"rank":0,"state":"Exited","pid":3860,"wait_status":0,"signaled":0,"exitcode":0}}
{"timestamp":1759870333.6818006,"name":"complete","context":{"status":0}}
{"timestamp":1759870333.6818178,"name":"done"}

