# OSU MPI Latency Test v5.8
# Size          Latency (us)
== CALIPER: (0): Available services: adiak_export,adiak_import,aggregate,alloc,allocstats,async_event,cpuinfo,debug,event,io,kokkoslookup,kokkostime,loop_monitor,loop_statistics,memstat,mpi,mpiflush,mpireport,pthread,recorder,region_monitor,report,statistics,sysalloc,timer,timeseries,timestamp,trace,validator
== CALIPER: (0): Initialized
== CALIPER: (0): No manual config specified, disabling default channel
0                      44.35
1                      44.35
2                      44.30
4                      44.30
8                      44.35
16                     44.33
32                     44.46
64                     44.51
128                    44.71
256                    45.63
512                    46.07
1024                   46.43
2048                   47.70
4096                   50.10
8192                   54.96
16384                  61.71
32768                  65.87
65536                 174.44
131072                185.73
262144                240.91
524288                253.22
1048576               305.65
2097152               438.35
4194304               704.45
== CALIPER: (0): Finalizing ... 
== CALIPER: (0): Releasing Caliper global data.
  Max active channels: 0
== CALIPER: (0): Process blackboard: max 1 entries (0.0979432% occupancy).
== CALIPER: (0): Releasing Caliper thread data: 
  Metadata tree: 1 blocks, 55 nodes
   Metadata memory pool: 1 MiB reserved, 18.168 KiB used
  Thread blackboard: max 2 entries (0.195886% occupancy).
== CALIPER: (0): Finished
START OF JOBSPEC
{"resources": [{"type": "node", "count": 2, "with": [{"type": "slot", "count": 1, "with": [{"type": "core", "count": 1}], "label": "task"}]}], "tasks": [{"command": ["osu_latency"], "slot": "task", "count": {"per_slot": 1}}], "attributes": {"system": {"duration": 0, "cwd": "/root", "shell": {"options": {"rlimit": {"cpu": -1, "fsize": -1, "data": -1, "stack": 8388608, "core": 0, "nofile": 1024, "as": -1, "rss": -1, "nproc": 1450579}, "cpu-affinity": "per-task"}}, "constraints": {"hostlist": ["flux-7,flux-4"]}}, "user": {"study_id": "osu-latency-16-iter-0"}}, "version": 1}
START OF EVENTLOG
{"timestamp":1759870261.1139665,"name":"init"}
{"timestamp":1759870261.1144516,"name":"starting"}
{"timestamp":1759870261.1248465,"name":"shell.init","context":{"service":"0-shell-f9euhEqqR","leader-rank":4,"size":2}}
{"timestamp":1759870261.1267362,"name":"shell.start","context":{"taskmap":{"version":1,"map":[[0,2,1,1]]}}}
{"timestamp":1759870280.5144904,"name":"shell.task-exit","context":{"localid":0,"rank":0,"state":"Exited","pid":3843,"wait_status":0,"signaled":0,"exitcode":0}}
{"timestamp":1759870280.5166988,"name":"complete","context":{"status":0}}
{"timestamp":1759870280.5167167,"name":"done"}

